[www.latina.pe/index.html]
[backblue.gif]
[fade.gif]
[index.html]
[www.latina.pe/feed]
[www.latina.pe/comments/feed]
[assetsmain.latina.pe/wp-includes/css/dist/block-library/style.min9f31.css]
[assetsmain.latina.pe/wp-content/plugins/quick-adsense-reloaded/includes/gutenberg/dist/blocks.style.build765d.css]
[assetsmain.latina.pe/wp-includes/css/dashicons.min9f31.css]
[assetsmain.latina.pe/wp-content/plugins/breeze/assets/js/breeze-prefetch-links00ed.js]
[assetsmain.latina.pe/wp-includes/js/jquery/jquery.min9d52.js]
[assetsmain.latina.pe/wp-includes/js/jquery/jquery-migrate.mind617.js]
[www.latina.pe/wp-json/wp/v2/pages/7621.json]
[www.latina.pe/wp-json/index.html]
[www.latina.pe/xmlrpc0db0.php]
[www.latina.pe/wp-includes/wlwmanifest.xml]
[www.latina.pe/wp-json/oembed/1.0/embed230a.json]
[www.latina.pe/wp-json/oembed/1.0/embed7bbb]
[cdnmain-website.latina.pe/wp-content/uploads/2021/04/22004607/cropped-icon_favicon-32x32.png]
[cdnmain-website.latina.pe/wp-content/uploads/2021/04/22004607/cropped-icon_favicon-192x192.png]
[cdnmain-website.latina.pe/wp-content/uploads/2021/04/22004607/cropped-icon_favicon-180x180.png]
[www.latina.pe/wp-content/themes/genesis-latina/css/reset.css]
[www.latina.pe/wp-content/themes/genesis-latina/css/headerc3ab.css]
[www.latina.pe/wp-content/themes/genesis-latina/css/main1271.css]
[www.latina.pe/wp-content/themes/genesis-latina/css/responsive551c.css]
[www.latina.pe/wp-content/themes/genesis-latina/css/menu1291.css]
[www.latina.pe/wp-content/themes/genesis-latina/css/mainv261bc.css]
[ajax.googleapis.com/ajax/libs/jquery/1.12.4/jquery.min.js]
[www.latina.pe/wp-content/themes/genesis-latina/css/owl.carousel.min.css]
[www.latina.pe/wp-content/themes/genesis-latina/js/owl.carousel.min.js]
[www.latina.pe/wp-content/themes/genesis-latina/js/main3975.js]
[secure.widget.cloud.opta.net/v3/css/v3.all.opta-widgets.css]
[cdn.insurads.com/bootstrap/FLIBQIHH.js]
[delivery.pubgenius.io/latina.p-mgBguVuz/shim-gpt.js]
[www.latina.pe/index.html]
[assetsmain.latina.pe/wp-includes/css/dist/block-library/style.min9f31.css]
[assetsmain.latina.pe/wp-content/plugins/quick-adsense-reloaded/includes/gutenberg/dist/blocks.style.build765d.css]
[assetsmain.latina.pe/wp-includes/css/dashicons.min9f31.css]
[www.latina.pe/xmlrpc.php]
[www.latina.pe/wp-content/themes/genesis-latina/css/reset.css]
[www.latina.pe/wp-content/themes/genesis-latina/css/headerc3ab.css]
[www.latina.pe/wp-content/themes/genesis-latina/img/arrowdown.png]
[www.latina.pe/wp-content/themes/genesis-latina/css/main1271.css]
[www.latina.pe/wp-content/themes/genesis-latina/css/responsive551c.css]
[www.latina.pe/wp-content/themes/genesis-latina/css/menu1291.css]
[www.latina.pe/wp-content/themes/genesis-latina/css/mainv261bc.css]
[www.latina.pe/wp-content/themes/genesis-latina/css/owl.video.play.png]
[www.latina.pe/wp-content/themes/genesis-latina/css/owl.carousel.min.css]
[secure.widget.cloud.opta.net/v3/assets/images/backgrounds/Pitch-V.png]
[secure.widget.cloud.opta.net/v3/assets/images/sprites/checkbox.png]
[secure.widget.cloud.opta.net/v3/assets/images/sprites/icons.png]
[secure.widget.cloud.opta.net/v3/assets/images/logos/pinnacle.png]
[secure.widget.cloud.opta.net/v3/assets/images/logos/Bet365.png]
[secure.widget.cloud.opta.net/v3/assets/visualisation/football/premium/wide/Notifications/whistle_icon.png]
[secure.widget.cloud.opta.net/v3/assets/visualisation/football/premium/normal/Goal/Event/01_Goal.jpg]
[secure.widget.cloud.opta.net/v3/assets/visualisation/football/premium/normal/Goal/Ball_position/darken.png]
[secure.widget.cloud.opta.net/v3/assets/visualisation/football/premium/normal/Goal/Ball_position/ball_pr.png]
[secure.widget.cloud.opta.net/v3/assets/visualisation/football/premium/wide/Goal/Event/01_Goal.jpg]
[secure.widget.cloud.opta.net/v3/assets/visualisation/football/premium/narrow/Goal/Event/01_Goal.jpg]
[secure.widget.cloud.opta.net/v3/assets/images/backgrounds/Pitch-H.png]
[secure.widget.cloud.opta.net/v3/assets/images/backgrounds/direction-of-play-V-dark.png]
[secure.widget.cloud.opta.net/v3/assets/images/backgrounds/direction-of-play-H-dark.png]
[secure.widget.cloud.opta.net/v3/assets/images/backgrounds/direction-of-play-V-topbottom-dark.png]
[secure.widget.cloud.opta.net/v3/assets/visualisation/football/premium/normal/Goal/Ball_position/normal_goal_view.jpg]
[secure.widget.cloud.opta.net/v3/assets/visualisation/football/premium/narrow/Goal/Ball_position/normal_goal_view.jpg]
[secure.widget.cloud.opta.net/v3/assets/visualisation/football/premium/wide/Goal/Ball_position/normal_goal_view.jpg]
[secure.widget.cloud.opta.net/v3/assets/images/logos/statsperform_logo.png]
[secure.widget.cloud.opta.net/v3/css/v3.all.opta-widgets.css]
[cdn.insurads.com/bootstrap/FLIBQIHH.js]
[www.googletagmanager.com/gtm5445.html]
[www.googletagservices.com/tag/js/gpt.js]
[www.latina.pe/wp-content/themes/genesis-latina/css/owl.video.play.html]
[pagead2.googlesyndication.com/pagead/js/adsbygoogle.html]
